[INFO] Scanning for projects...
[INFO] 
[INFO] ------------------------< com.revature:revplay >------------------------
[INFO] Building RevPlay 0.0.1-SNAPSHOT
[INFO]   from pom.xml
[INFO] --------------------------------[ jar ]---------------------------------
[INFO] 
[INFO] --- clean:3.4.1:clean (default-clean) @ revplay ---
[INFO] Deleting C:\Users\manke\Downloads\revplay\target
[INFO] 
[INFO] --- resources:3.3.1:resources (default-resources) @ revplay ---
[INFO] Copying 1 resource from src\main\resources to target\classes
[INFO] Copying 20 resources from src\main\resources to target\classes
[INFO] 
[INFO] --- compiler:3.14.1:compile (default-compile) @ revplay ---
[INFO] Recompiling the module because of changed source code.
[INFO] Compiling 48 source files with javac [debug parameters release 17] to target\classes
[INFO] ------------------------------------------------------------------------
[INFO] BUILD FAILURE
[INFO] ------------------------------------------------------------------------
[INFO] Total time:  2.149 s
[INFO] Finished at: 2026-02-20T04:49:24+05:30
[INFO] ------------------------------------------------------------------------
[ERROR] Failed to execute goal org.apache.maven.plugins:maven-compiler-plugin:3.14.1:compile (default-compile) on project revplay: Fatal error compiling: invalid target release: 17 -> [Help 1]
[ERROR] 
[ERROR] To see the full stack trace of the errors, re-run Maven with the -e switch.
[ERROR] Re-run Maven using the -X switch to enable full debug logging.
[ERROR] 
[ERROR] For more information about the errors and possible solutions, please read the following articles:
[ERROR] [Help 1] http://cwiki.apache.org/confluence/display/MAVEN/MojoExecutionException
